{
  "version": "1.5.0",
  "plugins_used": [
    {
      "name": "ArtifactoryDetector"
    },
    {
      "name": "AWSKeyDetector"
    },
    {
      "name": "AzureStorageKeyDetector"
    },
    {
      "name": "Base64HighEntropyString",
      "limit": 4.5
    },
    {
      "name": "BasicAuthDetector"
    },
    {
      "name": "CloudantDetector"
    },
    {
      "name": "DiscordBotTokenDetector"
    },
    {
      "name": "GitHubTokenDetector"
    },
    {
      "name": "GitLabTokenDetector"
    },
    {
      "name": "HexHighEntropyString",
      "limit": 3.0
    },
    {
      "name": "IbmCloudIamDetector"
    },
    {
      "name": "IbmCosHmacDetector"
    },
    {
      "name": "IPPublicDetector"
    },
    {
      "name": "JwtTokenDetector"
    },
    {
      "name": "KeywordDetector",
      "keyword_exclude": ""
    },
    {
      "name": "MailchimpDetector"
    },
    {
      "name": "NpmDetector"
    },
    {
      "name": "OpenAIDetector"
    },
    {
      "name": "PrivateKeyDetector"
    },
    {
      "name": "PypiTokenDetector"
    },
    {
      "name": "SendGridDetector"
    },
    {
      "name": "SlackDetector"
    },
    {
      "name": "SoftlayerDetector"
    },
    {
      "name": "SquareOAuthDetector"
    },
    {
      "name": "StripeDetector"
    },
    {
      "name": "TelegramBotTokenDetector"
    },
    {
      "name": "TwilioKeyDetector"
    }
  ],
  "filters_used": [
    {
      "path": "detect_secrets.filters.allowlist.is_line_allowlisted"
    },
    {
      "path": "detect_secrets.filters.common.is_baseline_file",
      "filename": ".secrets.baseline"
    },
    {
      "path": "detect_secrets.filters.common.is_ignored_due_to_verification_policies",
      "min_level": 2
    },
    {
      "path": "detect_secrets.filters.heuristic.is_indirect_reference"
    },
    {
      "path": "detect_secrets.filters.heuristic.is_likely_id_string"
    },
    {
      "path": "detect_secrets.filters.heuristic.is_lock_file"
    },
    {
      "path": "detect_secrets.filters.heuristic.is_not_alphanumeric_string"
    },
    {
      "path": "detect_secrets.filters.heuristic.is_potential_uuid"
    },
    {
      "path": "detect_secrets.filters.heuristic.is_prefixed_with_dollar_sign"
    },
    {
      "path": "detect_secrets.filters.heuristic.is_sequential_string"
    },
    {
      "path": "detect_secrets.filters.heuristic.is_swagger_file"
    },
    {
      "path": "detect_secrets.filters.heuristic.is_templated_secret"
    },
    {
      "path": "detect_secrets.filters.regex.should_exclude_file",
      "pattern": [
        "package-lock.json"
      ]
    }
  ],
  "results": {
    ".github\\workflows\\build-and-deploy-integration.yml": [
      {
        "type": "Secret Keyword",
        "filename": ".github\\workflows\\build-and-deploy-integration.yml",
        "hashed_secret": "3e26d6750975d678acb8fa35a0f69237881576b0",
        "is_verified": false,
        "line_number": 18,
        "is_secret": false
      }
    ],
    ".github\\workflows\\build-and-deploy-nft.yml": [
      {
        "type": "Secret Keyword",
        "filename": ".github\\workflows\\build-and-deploy-nft.yml",
        "hashed_secret": "3e26d6750975d678acb8fa35a0f69237881576b0",
        "is_verified": false,
        "line_number": 14,
        "is_secret": false
      }
    ],
    ".github\\workflows\\build-and-deploy-production.yml": [
      {
        "type": "Secret Keyword",
        "filename": ".github\\workflows\\build-and-deploy-production.yml",
        "hashed_secret": "3e26d6750975d678acb8fa35a0f69237881576b0",
        "is_verified": false,
        "line_number": 14,
        "is_secret": false
      }
    ],
    ".github\\workflows\\build-and-deploy-test.yml": [
      {
        "type": "Secret Keyword",
        "filename": ".github\\workflows\\build-and-deploy-test.yml",
        "hashed_secret": "3e26d6750975d678acb8fa35a0f69237881576b0",
        "is_verified": false,
        "line_number": 14,
        "is_secret": false
      }
    ],
    "build.gradle.kts": [
      {
        "type": "Secret Keyword",
        "filename": "build.gradle.kts",
        "hashed_secret": "54119f2d56461004a7b3d3c428ccae35fd6b53b4",
        "is_verified": false,
        "line_number": 244,
        "is_secret": false
      }
    ],
    "src\\main\\kotlin\\uk\\gov\\communities\\prsdb\\webapp\\constants\\FeatureFlagNames.kt": [
      {
        "type": "Secret Keyword",
        "filename": "src\\main\\kotlin\\uk\\gov\\communities\\prsdb\\webapp\\constants\\FeatureFlagNames.kt",
        "hashed_secret": "8f07a397a27a2d49aabe2681e48f8232008dc461",
        "is_verified": false,
        "line_number": 21
      }
    ],
    "src\\main\\kotlin\\uk\\gov\\communities\\prsdb\\webapp\\constants\\UrlSegmentConstants.kt": [
      {
        "type": "Secret Keyword",
        "filename": "src\\main\\kotlin\\uk\\gov\\communities\\prsdb\\webapp\\constants\\UrlSegmentConstants.kt",
        "hashed_secret": "fb4ed0f35bf88838d028c542b69e6e6265ded721",
        "is_verified": false,
        "line_number": 20
      }
    ],
    "src\\main\\kotlin\\uk\\gov\\communities\\prsdb\\webapp\\controllers\\PasswordBenchmarkController.kt": [
      {
        "type": "Secret Keyword",
        "filename": "src\\main\\kotlin\\uk\\gov\\communities\\prsdb\\webapp\\controllers\\PasswordBenchmarkController.kt",
        "hashed_secret": "4fd01a56c5cf3e8f588a92e3fd6f4149883f2443",
        "is_verified": false,
        "line_number": 94
      }
    ],
    "src\\main\\resources\\application-local.yml": [
      {
        "type": "Secret Keyword",
        "filename": "src\\main\\resources\\application-local.yml",
        "hashed_secret": "54119f2d56461004a7b3d3c428ccae35fd6b53b4",
        "is_verified": false,
        "line_number": 11,
        "is_secret": false
      },
      {
        "type": "Secret Keyword",
        "filename": "src\\main\\resources\\application-local.yml",
        "hashed_secret": "778d93e51706fc4448e97fac2f825f9df7f74524",
        "is_verified": false,
        "line_number": 53,
        "is_secret": false
      },
      {
        "type": "Secret Keyword",
        "filename": "src\\main\\resources\\application-local.yml",
        "hashed_secret": "ce8c74ce64b55dc94183540aac1aee68fd6d27ad",
        "is_verified": false,
        "line_number": 166,
        "is_secret": false
      }
    ],
    "src\\main\\resources\\data-integration.sql": [
      {
        "type": "Hex High Entropy String",
        "filename": "src\\main\\resources\\data-integration.sql",
        "hashed_secret": "8d7f95e48300a0f8ed54a1a93b20428757eea8aa",
        "is_verified": false,
        "line_number": 47
      },
      {
        "type": "Hex High Entropy String",
        "filename": "src\\main\\resources\\data-integration.sql",
        "hashed_secret": "04fc8ae6fbcbbf5988283a1cf909eeb961021304",
        "is_verified": false,
        "line_number": 48
      },
      {
        "type": "Hex High Entropy String",
        "filename": "src\\main\\resources\\data-integration.sql",
        "hashed_secret": "16cb5049d07d28b591e951fcaa0256ebfa6da231",
        "is_verified": false,
        "line_number": 49
      },
      {
        "type": "Hex High Entropy String",
        "filename": "src\\main\\resources\\data-integration.sql",
        "hashed_secret": "9376a34ac256df57ec374b5a310236315fa11043",
        "is_verified": false,
        "line_number": 50
      },
      {
        "type": "Hex High Entropy String",
        "filename": "src\\main\\resources\\data-integration.sql",
        "hashed_secret": "4ef0102532e2f1be69feffeceed97d6c6f4e334f",
        "is_verified": false,
        "line_number": 51
      },
      {
        "type": "Hex High Entropy String",
        "filename": "src\\main\\resources\\data-integration.sql",
        "hashed_secret": "6d11ed570d3a166523d87d4540b3351be53dfdcc",
        "is_verified": false,
        "line_number": 52
      },
      {
        "type": "Hex High Entropy String",
        "filename": "src\\main\\resources\\data-integration.sql",
        "hashed_secret": "d2a21d28a8bfc737172b2d8adc8635187e556f29",
        "is_verified": false,
        "line_number": 53
      },
      {
        "type": "Hex High Entropy String",
        "filename": "src\\main\\resources\\data-integration.sql",
        "hashed_secret": "7645d3a291c3f7ce1ee86bee04f99f6e3ca52982",
        "is_verified": false,
        "line_number": 54
      },
      {
        "type": "Hex High Entropy String",
        "filename": "src\\main\\resources\\data-integration.sql",
        "hashed_secret": "7027ed84cc3ce0b132de634fa30acf83f7183031",
        "is_verified": false,
        "line_number": 56
      },
      {
        "type": "Hex High Entropy String",
        "filename": "src\\main\\resources\\data-integration.sql",
        "hashed_secret": "4d403310831ccc61eae3a0ef7122f8a2b6d612af",
        "is_verified": false,
        "line_number": 57
      },
      {
        "type": "Hex High Entropy String",
        "filename": "src\\main\\resources\\data-integration.sql",
        "hashed_secret": "2f8c0a6abc93bb249fac1f4586c3bece6f8fabf6",
        "is_verified": false,
        "line_number": 59
      }
    ],
    "src\\main\\resources\\data-test.sql": [
      {
        "type": "Hex High Entropy String",
        "filename": "src\\main\\resources\\data-test.sql",
        "hashed_secret": "871e4c7fd6215e1555d29aca7a1cfa46eabe08e6",
        "is_verified": false,
        "line_number": 63
      },
      {
        "type": "Hex High Entropy String",
        "filename": "src\\main\\resources\\data-test.sql",
        "hashed_secret": "c56bc9743aced4b85b2e2ae90bb87a82585ec3c9",
        "is_verified": false,
        "line_number": 64
      },
      {
        "type": "Hex High Entropy String",
        "filename": "src\\main\\resources\\data-test.sql",
        "hashed_secret": "4f7f72663857226acc583a3f3d6b3caef0de8d79",
        "is_verified": false,
        "line_number": 65
      },
      {
        "type": "Hex High Entropy String",
        "filename": "src\\main\\resources\\data-test.sql",
        "hashed_secret": "fe512ed9649da124db0753871c543ca2c0022c71",
        "is_verified": false,
        "line_number": 66
      },
      {
        "type": "Hex High Entropy String",
        "filename": "src\\main\\resources\\data-test.sql",
        "hashed_secret": "8d7f95e48300a0f8ed54a1a93b20428757eea8aa",
        "is_verified": false,
        "line_number": 67
      },
      {
        "type": "Hex High Entropy String",
        "filename": "src\\main\\resources\\data-test.sql",
        "hashed_secret": "04fc8ae6fbcbbf5988283a1cf909eeb961021304",
        "is_verified": false,
        "line_number": 68
      },
      {
        "type": "Hex High Entropy String",
        "filename": "src\\main\\resources\\data-test.sql",
        "hashed_secret": "16cb5049d07d28b591e951fcaa0256ebfa6da231",
        "is_verified": false,
        "line_number": 69
      },
      {
        "type": "Hex High Entropy String",
        "filename": "src\\main\\resources\\data-test.sql",
        "hashed_secret": "9376a34ac256df57ec374b5a310236315fa11043",
        "is_verified": false,
        "line_number": 70
      },
      {
        "type": "Hex High Entropy String",
        "filename": "src\\main\\resources\\data-test.sql",
        "hashed_secret": "4ef0102532e2f1be69feffeceed97d6c6f4e334f",
        "is_verified": false,
        "line_number": 71
      },
      {
        "type": "Hex High Entropy String",
        "filename": "src\\main\\resources\\data-test.sql",
        "hashed_secret": "6d11ed570d3a166523d87d4540b3351be53dfdcc",
        "is_verified": false,
        "line_number": 72
      },
      {
        "type": "Hex High Entropy String",
        "filename": "src\\main\\resources\\data-test.sql",
        "hashed_secret": "d2a21d28a8bfc737172b2d8adc8635187e556f29",
        "is_verified": false,
        "line_number": 73
      },
      {
        "type": "Hex High Entropy String",
        "filename": "src\\main\\resources\\data-test.sql",
        "hashed_secret": "7645d3a291c3f7ce1ee86bee04f99f6e3ca52982",
        "is_verified": false,
        "line_number": 74
      },
      {
        "type": "Hex High Entropy String",
        "filename": "src\\main\\resources\\data-test.sql",
        "hashed_secret": "7027ed84cc3ce0b132de634fa30acf83f7183031",
        "is_verified": false,
        "line_number": 76
      },
      {
        "type": "Hex High Entropy String",
        "filename": "src\\main\\resources\\data-test.sql",
        "hashed_secret": "4d403310831ccc61eae3a0ef7122f8a2b6d612af",
        "is_verified": false,
        "line_number": 77
      },
      {
        "type": "Hex High Entropy String",
        "filename": "src\\main\\resources\\data-test.sql",
        "hashed_secret": "dd9c66e86c4ed5507001e02b70ede9f547a0406d",
        "is_verified": false,
        "line_number": 80
      },
      {
        "type": "Hex High Entropy String",
        "filename": "src\\main\\resources\\data-test.sql",
        "hashed_secret": "9498f1e1c5225000f53b1eb66d025c50499557c1",
        "is_verified": false,
        "line_number": 82
      },
      {
        "type": "Hex High Entropy String",
        "filename": "src\\main\\resources\\data-test.sql",
        "hashed_secret": "c650b9aa4d7fc15b5ea4fba3531b42582ce4e47a",
        "is_verified": false,
        "line_number": 84
      },
      {
        "type": "Hex High Entropy String",
        "filename": "src\\main\\resources\\data-test.sql",
        "hashed_secret": "5ca911b6a0cd4ebfb3e35e84dcf5ca199edc7e09",
        "is_verified": false,
        "line_number": 85
      },
      {
        "type": "Hex High Entropy String",
        "filename": "src\\main\\resources\\data-test.sql",
        "hashed_secret": "6a34908cea7be05bd1938aa8d8f863d292ae2fa0",
        "is_verified": false,
        "line_number": 87
      },
      {
        "type": "Hex High Entropy String",
        "filename": "src\\main\\resources\\data-test.sql",
        "hashed_secret": "84647a48c92b8d4b1d78cfac819b11cafc1c3afd",
        "is_verified": false,
        "line_number": 89
      },
      {
        "type": "Hex High Entropy String",
        "filename": "src\\main\\resources\\data-test.sql",
        "hashed_secret": "b0299a818ec29798e6d17752fbd4d2d655a603d2",
        "is_verified": false,
        "line_number": 91
      },
      {
        "type": "Hex High Entropy String",
        "filename": "src\\main\\resources\\data-test.sql",
        "hashed_secret": "d40bb19b8fca6626007995330203bb0857d2eb02",
        "is_verified": false,
        "line_number": 93
      },
      {
        "type": "Hex High Entropy String",
        "filename": "src\\main\\resources\\data-test.sql",
        "hashed_secret": "63018351ae51d6a9cdaaabf26d1c0fe6ad393b1e",
        "is_verified": false,
        "line_number": 95
      },
      {
        "type": "Hex High Entropy String",
        "filename": "src\\main\\resources\\data-test.sql",
        "hashed_secret": "9b627b7b33910cf8fac6ed0d544e7b64ce7f08fe",
        "is_verified": false,
        "line_number": 97
      },
      {
        "type": "Hex High Entropy String",
        "filename": "src\\main\\resources\\data-test.sql",
        "hashed_secret": "2f8c0a6abc93bb249fac1f4586c3bece6f8fabf6",
        "is_verified": false,
        "line_number": 99
      },
      {
        "type": "Hex High Entropy String",
        "filename": "src\\main\\resources\\data-test.sql",
        "hashed_secret": "bd29715feac344c503b73aa506debb00a7ffbeb6",
        "is_verified": false,
        "line_number": 101
      }
    ],
    "src\\main\\resources\\messages\\forms.yml": [
      {
        "type": "Secret Keyword",
        "filename": "src\\main\\resources\\messages\\forms.yml",
        "hashed_secret": "d97d1ee339e4eeaba8cac91dca37c8b4ec8f5501",
        "is_verified": false,
        "line_number": 6
      }
    ],
    "src\\test\\kotlin\\uk\\gov\\communities\\prsdb\\webapp\\journeys\\lettingAgentInvitation\\steps\\SetPasswordStepConfigTests.kt": [
      {
        "type": "Secret Keyword",
        "filename": "src\\test\\kotlin\\uk\\gov\\communities\\prsdb\\webapp\\journeys\\lettingAgentInvitation\\steps\\SetPasswordStepConfigTests.kt",
        "hashed_secret": "e38ad214943daad1d64c102faec29de4afe9da3d",
        "is_verified": false,
        "line_number": 70
      },
      {
        "type": "Secret Keyword",
        "filename": "src\\test\\kotlin\\uk\\gov\\communities\\prsdb\\webapp\\journeys\\lettingAgentInvitation\\steps\\SetPasswordStepConfigTests.kt",
        "hashed_secret": "f868f4678ad8d9ae7eb3cd7df16d0f78e99ff536",
        "is_verified": false,
        "line_number": 71
      }
    ],
    "src\\test\\kotlin\\uk\\gov\\communities\\prsdb\\webapp\\services\\NgdAddressLoaderTests.kt": [
      {
        "type": "Hex High Entropy String",
        "filename": "src\\test\\kotlin\\uk\\gov\\communities\\prsdb\\webapp\\services\\NgdAddressLoaderTests.kt",
        "hashed_secret": "caaa19d988ab4d04e0cf2a84864c9a95ec9df05a",
        "is_verified": false,
        "line_number": 707,
        "is_secret": false
      }
    ]
  },
  "generated_at": "2026-09-22T15:05:03Z"
}
